// Jest Snapshot v1, https://goo.gl/fbAQLP

exports[`<Card /> should render a Card 1`] = `
<div
  className="Card"
>
  <div
    className="CardContent"
    style={
      Object {
        "--theme-color": "var(--primary)",
      }
    }
  >
    <i
      className="CardIcon fa fa-5x fa-comments"
    />
    <div
      className="CardText"
    >
      <div
        className="CardValue"
      >
        24
      </div>
      <div>
        New Comments
      </div>
    </div>
  </div>
  <div
    className="CardFooter"
  >
    <span>
      View Details
    </span>
    <span>
      <i
        className="fa fa-arrow-circle-right"
      />
    </span>
  </div>
</div>
`;
