// Jest Snapshot v1, https://goo.gl/fbAQLP

exports[`Template. Prepare data. 1`] = `
Object {
  "companyCustomer": Object {
    "VAT": "XX123456789101A",
    "address": "Road 123AA",
    "bank": Object {
      "giro": "234-5678",
      "name": "MoneyBankA",
    },
    "city": "CityA",
    "company": "Company ABA",
    "createdAt": 2345678901,
    "defaultTax": 0.2,
    "email": "firstNameA@company.com",
    "firstName": "FirstNameA",
    "id": "companyCustomerIdA",
    "lastName": "LastNameA",
    "mobile": "+46761234567A",
    "zipcode": "12345A",
  },
  "discount": 0,
  "invoice": Object {
    "createdAt": "1970-02-10",
    "id": 3456789012,
    "timeToPay": "1970-02-28",
  },
  "invoiceRows": Array [
    Object {
      "description": "Aan",
      "price": 123,
      "tax": 0.01,
      "total": 1230,
      "unit": 10,
    },
  ],
  "netTotal": 1230,
  "recipient": Object {
    "address": "Road 234A1",
    "city": "RecipientCityA",
    "companyCustomerId": "companyCustomerIdA",
    "createdAt": 23456789011,
    "email": "firstNameA@recipient.com",
    "firstName": "RecipientFirstA",
    "id": "recipientIdA",
    "lastName": "RecipientLastA",
    "mobile": "+467623456781",
    "ssn": "12345678901",
    "zipcode": "123451",
  },
  "taxTotal": 12.3,
  "total": 1242.3,
}
`;
