// Jest Snapshot v1, https://goo.gl/fbAQLP

exports[`Lambdas. CompanyCustomers. Get. 1`] = `"https://payment.architrade.com/paymentweb/start.action?accepturl=acceptUrl&amount=1490.76&callbackurl=https%3A%2F%2Feu-central-1.console.aws.amazon.com%2Flambda%2Fhome%3Fregion%3Deu-central-1%23%2Ffunctions%2Fpayment-prod-membrumDIBSConfirm%3Ftab%3Dgraph&cancelurl=cancelUrl&currency=SEK&decorator=responsive&ip=DUMMY-IP&lang=sv&merchant=90234620&orderid=invoiceId1&test=1&uniqueoid=yes"`;
